// Jest Snapshot v1, https://goo.gl/fbAQLP

exports[`CHARACTER CARD should match the CharacterCard Component Snapshot 1`] = `
<div>
  <div
    className="character-card"
  >
    <img
      alt="favorite icon"
      className="favorite-image"
      onClick={[Function]}
      src="isFavoriteFalse.svg"
    />
    <h2>
      BB8
    </h2>
    <p>
      Homeworld: 
      SpaceX Occupying Mars
    </p>
    <p>
      Population: 
    </p>
    <p>
      Species: 
      Human
    </p>
    <ul
      className="episode-list"
    >
      Appears in: 
      <li
        key="0"
      >
        The Day After Tomorrow
      </li>
      <li
        key="1"
      >
        The Martian
      </li>
      <li
        key="2"
      >
        Gravity
      </li>
    </ul>
    <button
      className="character-card-button"
      onClick={[Function]}
      type="button"
    >
      Favorite
    </button>
  </div>
</div>
`;
