// Jest Snapshot v1, https://goo.gl/fbAQLP

exports[`CHARACTER CONTAINER should match the CharacterContainer Component Snapshot 1`] = `
<div
  className="loading-page"
>
  <h2>
    RISE OF SKYWALKER is working hard for you!
  </h2>
  <h2>
    Enjoy BB8 acting cute while the page is loading...
  </h2>
  <img
    alt="Loading Image of BB8"
    src="loadingBB8.gif"
  />
</div>
`;
