// Jest Snapshot v1, https://goo.gl/fbAQLP

exports[`Navigation should match the Navigation Component Snapshot 1`] = `
<div
  className="card"
>
  <div
    className="user-profile"
  >
    <p>
      Peerat
    </p>
    <p>
      "
      Naomi is amazing!
      "
    </p>
    <p>
      Jedi Master
    </p>
  </div>
  <div
    className="navigation-pane"
  >
    <Link
      to="/favorites"
    >
      <button
        className="navigation-button"
      >
        Favorite Characters (
        )
      </button>
    </Link>
    <Link
      to="/movies"
    >
      <button
        className="navigation-button"
        onClick={[MockFunction]}
      >
        Back to All Episodes
      </button>
    </Link>
    <Link
      to="/"
    >
      <button
        className="navigation-button"
        onClick={[MockFunction]}
      >
        Sign Out
      </button>
    </Link>
  </div>
</div>
`;
