// Jest Snapshot v1, https://goo.gl/fbAQLP

exports[`APP should match the App Component Snapshot 1`] = `
<div>
  <Route
    exact={true}
    path="/"
    render={[Function]}
  />
  <Route
    exact={true}
    path="/movies"
    render={[Function]}
  />
  <Route
    exact={true}
    path="/movies/:id"
    render={[Function]}
  />
  <Route
    exact={true}
    path="/favorites"
    render={[Function]}
  />
  <Route
    path="/movies"
    render={[Function]}
  />
  <Route
    path="/favorites"
    render={[Function]}
  />
</div>
`;
